2 2026-03-01T08:00:00Z Alice
3 2026-03-01T08:03:00Z Alice
4 2026-03-01T08:06:00Z Alice
5 2026-03-01T08:09:00Z Alice
17 2026-03-01T08:10:00Z Bob
9 2026-03-01T08:15:00Z Alice
18 2026-03-01T08:13:00Z Bob
21 2026-03-01T08:20:00Z Carol
10 2026-03-01T08:18:00Z Alice
19 2026-03-01T08:16:00Z Bob
22 2026-03-01T08:23:00Z Carol

11 2026-03-01T08:21:00Z Alice
5 2026-03-01T08:07:00Z Alice
12 2026-03-01T08:24:00Z Alice
20 2026-03-01T08:19:00Z Bob
13 2026-03-01T08:27:00Z Alice
23 2026-03-01T09:21:00Z Carol
14 2026-03-01T08:30:00Z Alice
24 2026-03-01T09:18:00Z Carol
15 2026-03-01T08:33:00Z Alice
23 2026-03-01T09:14:00Z Carol
16 2026-03-01T08:36:00Z Alice
25 2026-03-01T09:16:00Z Carol
23 2026-03-01T09:26:00Z Carol
26 2026-03-01T08:39:00Z Alice
50 2026-03-01T10:10:00Z Eve

27 2026-03-01T08:42:00Z Alice
51 2026-03-01T10:13:00Z Eve
28 2026-03-01T08:45:00Z Bob
52 2026-03-01T10:16:00Z Eve
29 2026-03-01T08:48:00Z Bob
53 2026-03-01T10:19:00Z Eve
54 2026-03-01T10:22:00Z Eve
x 2026-03-01T09:00:00Z Alice
30 2026-03-01T08:51:00Z Bob
33 2026-03-01T09:00:00Z Carol
33 2026-03-01T08:57:00Z Dave
31 2026-03-01T08:54:00Z Bob
36 2026-03-01T09:10:00Z Dave
32 2026-03-01T08:57:00Z Bob
37 2026-03-01T09:13:00Z Dave
34 2026-03-01T09:40:00Z Carol
38 2026-03-01T09:16:00Z Dave
35 2026-03-01T09:43:00Z Carol
39 2026-03-01T09:19:00Z Dave

40 2026-03-01T09:22:00Z Dave
46 2026-03-01T09:40:00Z Dave
45 2026-03-01T09:53:00Z Carol
61 2026-03-01T25:00:00Z Bob
48 2026-03-01T09:46:00Z Dave
49 2026-03-01T09:49:00Z Dave
42 2026-03-01T09:20:00Z Bob
43 2026-03-01T09:23:00Z Bob
44 2026-03-01T09:50:00Z Carol

57 2026-03-01T10:00:00Z Dave
44 2026-03-01T09:38:00Z Carol
57 2026-03-01T10:00:00Z Dave
47 2026-03-01T10:30:00Z Dave
47 2026-03-01T10:35:00Z Carol
58 2026-03-01T12:10:00Z Dave
59 2026-03-01T10:40:00Z Eve
60 2026-03-01T12:30:00Z Eve
